
> qless@0.1.0 build
> next build

  Γû▓ Next.js 14.2.35
  - Environments: .env.local

   Creating an optimized production build ...
 Γ£ô Compiled successfully
   Linting and checking validity of types ...
node.exe : 
At line:1 char:1
+ & "C:\Program Files
\nodejs/node.exe" 
"C:\Program 
Files\nodejs/node_mo 
...
+ ~~~~~~~~~~~~~~~~~~~
~~~~~~~~~~~~~~~~~~~~~
~~~~~~~~~~~~~~~~~~~~~
~~~~~~~~
    + CategoryInfo   
           : NotSpe  
  cified: (:String   
 ) [], RemoteExce    
ption
    + FullyQualified 
   ErrorId : Native  
  CommandError
 
Failed to compile.

./app/[clinicSlug]/re
ception/page.tsx
16:10  Error: 
'Token' is defined 
but never used.  @typ
escript-eslint/no-unu
sed-vars
43:56  Error: 
Unexpected any. 
Specify a different 
type.  @typescript-es
lint/no-explicit-any
61:58  Error: 
Unexpected any. 
Specify a different 
type.  @typescript-es
lint/no-explicit-any
71:18  Error: 'e' is 
defined but never 
used.  @typescript-es
lint/no-unused-vars

./app/[clinicSlug]/t/
[tokenId]/page.tsx
6:36  Error: 
'AlertTriangle' is 
defined but never 
used.  @typescript-es
lint/no-unused-vars
14:39  Error: 
'lastUpdated' is 
assigned a value but 
never used.  @typescr
ipt-eslint/no-unused-
vars
86:22  Error: 'err' 
is defined but never 
used.  @typescript-es
lint/no-unused-vars

./app/[clinicSlug]/_c
omponents/ClinicForm.
tsx
9:19  Error: 
'RefreshCw' is 
defined but never 
used.  @typescript-es
lint/no-unused-vars
11:10  Error: 'cn' 
is defined but never 
used.  @typescript-es
lint/no-unused-vars
86:53  Error: React 
Hook "useState" is 
called 
conditionally. React 
Hooks must be called 
in the exact same 
order in every 
component render.  re
act-hooks/rules-of-ho
oks
87:5  Error: React 
Hook "useEffect" is 
called 
conditionally. React 
Hooks must be called 
in the exact same 
order in every 
component render.  re
act-hooks/rules-of-ho
oks

./app/[clinicSlug]/_c
omponents/ClinicStatu
sBadge.tsx
5:10  Error: 'cn' is 
defined but never 
used.  @typescript-es
lint/no-unused-vars

./lib/supabase/server
.ts
21:30  Error: 
'error' is defined 
but never used.  @typ
escript-eslint/no-unu
sed-vars
30:30  Error: 
'error' is defined 
but never used.  @typ
escript-eslint/no-unu
sed-vars

info  - Need to 
disable some ESLint 
rules? Learn more 
here: https://nextjs.
org/docs/basic-featur
es/eslint#disabling-r
ules
