
> qless@0.1.0 build
> next build

  Γû▓ Next.js 14.2.35
  - Environments: .env.local

   Creating an optimized production build ...
 Γ£ô Compiled successfully
   Linting and checking validity of types ...
node.exe : 
At line:1 char:1
+ & "C:\Program Files\nodejs/node.exe" 
"C:\Program Files\nodejs/node_mo ...
+ ~~~~~~~~~~~~~~~~~~~~~~~~~~~~~~~~~~~~~
~~~~~~~~~~~~~~~~~~~~~~~~~~~~~~~~
    + CategoryInfo          : NotSpeci 
   fied: (:String) [], RemoteExceptio  
  n
    + FullyQualifiedErrorId : NativeCo 
   mmandError
 
Failed to compile.

./app/(app)/clinic/[clinicSlug]/page.ts
x
5:10  Error: 'Lock' is defined but 
never used.  
@typescript-eslint/no-unused-vars
5:16  Error: 'StopCircle' is defined 
but never used.  
@typescript-eslint/no-unused-vars
42:11  Error: 'isClosedOrPaused' is 
assigned a value but never used.  
@typescript-eslint/no-unused-vars
43:11  Error: 'statusMessage' is 
assigned a value but never used.  
@typescript-eslint/no-unused-vars

info  - Need to disable some ESLint 
rules? Learn more here: https://nextjs.
org/docs/basic-features/eslint#disablin
g-rules
