Sending simulated WhatsApp message to http://127.0.0.1:3000/api/whatsapp/webhook...
From: 919876543210 | Name: Test User | Text: "JOIN_democlinic"

Status Code: 200
Response: {
  success: true,
  data: { message: 'Clinic not found message sent' },
  requestId: 'req_f5d96jrz'
}

---
Check your Supabase "tokens" table or the QLink Reception Dashboard to see if the token was created.
